// Jest Snapshot v1, https://goo.gl/fbAQLP

exports[`<Footer /> should render a footer 1`] = `
<div>
  <footer
    class="footer"
  >
    <p>
      <span>
        PokeNext
      </span>
       Â© 2022
    </p>
  </footer>
</div>
`;
